// Jest Snapshot v1, https://goo.gl/fbAQLP

exports[`renders correctly 1`] = `
<View
  style={
    Object {
      "backgroundColor": "#F5FCFF",
      "flex": 1,
    }
  }
>
  <RCTScrollView
    dataSource={
      ListViewDataSource {
        "items": 0,
      }
    }
    enableEmptySections={true}
    renderRow={[Function]}
    renderScrollComponent={[Function]}
    style={
      Object {
        "backgroundColor": "blue",
        "flex": 1,
      }
    }
  >
    <View />
  </RCTScrollView>
  <TextInput
    onChangeText={[Function]}
    style={
      Object {
        "height": 40,
        "width": 300,
      }
    }
    value=""
  />
  <View>
    <View
      accessibilityComponentType={undefined}
      accessibilityLabel={undefined}
      accessibilityTraits={undefined}
      accessible={true}
      hasTVPreferredFocus={undefined}
      hitSlop={undefined}
      isTVSelectable={true}
      onLayout={undefined}
      onResponderGrant={[Function]}
      onResponderMove={[Function]}
      onResponderRelease={[Function]}
      onResponderTerminate={[Function]}
      onResponderTerminationRequest={[Function]}
      onStartShouldSetResponder={[Function]}
      style={
        Array [
          Object {
            "backgroundColor": "transparent",
          },
          undefined,
        ]
      }
      testID={undefined}
      tvParallaxProperties={undefined}
    >
      <Text
        accessible={true}
        allowFontScaling={true}
        ellipsizeMode="tail"
        style={
          Object {
            "backgroundColor": "red",
            "height": 60,
            "width": 210,
          }
        }
      >
        PikkPANIS
      </Text>
    </View>
  </View>
  <Text
    accessible={true}
    allowFontScaling={true}
    ellipsizeMode="tail"
  >
    asssd
  </Text>
</View>
`;
